Archive member included to satisfy reference by file (symbol)

f:/work and college/imt/programs/01- imt sdk/imt_sdk_win_64/imt_sdk_win_64/winarm/armgcc/bin/../lib/gcc/arm-none-eabi/7.2.1/thumb/v7e-m\libgcc.a(_arm_addsubdf3.o)
                              ./src/MUSART_Program.o (__aeabi_dsub)
f:/work and college/imt/programs/01- imt sdk/imt_sdk_win_64/imt_sdk_win_64/winarm/armgcc/bin/../lib/gcc/arm-none-eabi/7.2.1/thumb/v7e-m\libgcc.a(_arm_muldivdf3.o)
                              ./src/MUSART_Program.o (__aeabi_dmul)
f:/work and college/imt/programs/01- imt sdk/imt_sdk_win_64/imt_sdk_win_64/winarm/armgcc/bin/../lib/gcc/arm-none-eabi/7.2.1/thumb/v7e-m\libgcc.a(_arm_fixunsdfsi.o)
                              ./src/MUSART_Program.o (__aeabi_d2uiz)
f:/work and college/imt/programs/01- imt sdk/imt_sdk_win_64/imt_sdk_win_64/winarm/armgcc/bin/../lib/gcc/arm-none-eabi/7.2.1/thumb/v7e-m\libgcc.a(_aeabi_uldivmod.o)
                              ./system/src/stm32f4-hal/stm32f4xx_hal_rcc.o (__aeabi_uldivmod)
f:/work and college/imt/programs/01- imt sdk/imt_sdk_win_64/imt_sdk_win_64/winarm/armgcc/bin/../lib/gcc/arm-none-eabi/7.2.1/thumb/v7e-m\libgcc.a(_udivmoddi4.o)
                              f:/work and college/imt/programs/01- imt sdk/imt_sdk_win_64/imt_sdk_win_64/winarm/armgcc/bin/../lib/gcc/arm-none-eabi/7.2.1/thumb/v7e-m\libgcc.a(_aeabi_uldivmod.o) (__udivmoddi4)
f:/work and college/imt/programs/01- imt sdk/imt_sdk_win_64/imt_sdk_win_64/winarm/armgcc/bin/../lib/gcc/arm-none-eabi/7.2.1/thumb/v7e-m\libgcc.a(_dvmd_tls.o)
                              f:/work and college/imt/programs/01- imt sdk/imt_sdk_win_64/imt_sdk_win_64/winarm/armgcc/bin/../lib/gcc/arm-none-eabi/7.2.1/thumb/v7e-m\libgcc.a(_aeabi_uldivmod.o) (__aeabi_ldiv0)
f:/work and college/imt/programs/01- imt sdk/imt_sdk_win_64/imt_sdk_win_64/winarm/armgcc/bin/../lib/gcc/arm-none-eabi/7.2.1/../../../../arm-none-eabi/lib/thumb/v7e-m\libg_nano.a(lib_a-errno.o)
                              ./system/src/newlib/sbrk.o (__errno)
f:/work and college/imt/programs/01- imt sdk/imt_sdk_win_64/imt_sdk_win_64/winarm/armgcc/bin/../lib/gcc/arm-none-eabi/7.2.1/../../../../arm-none-eabi/lib/thumb/v7e-m\libg_nano.a(lib_a-impure.o)
                              f:/work and college/imt/programs/01- imt sdk/imt_sdk_win_64/imt_sdk_win_64/winarm/armgcc/bin/../lib/gcc/arm-none-eabi/7.2.1/../../../../arm-none-eabi/lib/thumb/v7e-m\libg_nano.a(lib_a-errno.o) (_impure_ptr)
f:/work and college/imt/programs/01- imt sdk/imt_sdk_win_64/imt_sdk_win_64/winarm/armgcc/bin/../lib/gcc/arm-none-eabi/7.2.1/../../../../arm-none-eabi/lib/thumb/v7e-m\libg_nano.a(lib_a-strlen.o)
                              ./system/src/diag/trace.o (strlen)
f:/work and college/imt/programs/01- imt sdk/imt_sdk_win_64/imt_sdk_win_64/winarm/armgcc/bin/../lib/gcc/arm-none-eabi/7.2.1/../../../../arm-none-eabi/lib/thumb/v7e-m\libg_nano.a(lib_a-vsnprintf.o)
                              ./system/src/diag/trace.o (vsnprintf)
f:/work and college/imt/programs/01- imt sdk/imt_sdk_win_64/imt_sdk_win_64/winarm/armgcc/bin/../lib/gcc/arm-none-eabi/7.2.1/../../../../arm-none-eabi/lib/thumb/v7e-m\libg_nano.a(lib_a-nano-svfprintf.o)
                              f:/work and college/imt/programs/01- imt sdk/imt_sdk_win_64/imt_sdk_win_64/winarm/armgcc/bin/../lib/gcc/arm-none-eabi/7.2.1/../../../../arm-none-eabi/lib/thumb/v7e-m\libg_nano.a(lib_a-vsnprintf.o) (_svfprintf_r)
f:/work and college/imt/programs/01- imt sdk/imt_sdk_win_64/imt_sdk_win_64/winarm/armgcc/bin/../lib/gcc/arm-none-eabi/7.2.1/../../../../arm-none-eabi/lib/thumb/v7e-m\libg_nano.a(lib_a-nano-vfprintf_i.o)
                              f:/work and college/imt/programs/01- imt sdk/imt_sdk_win_64/imt_sdk_win_64/winarm/armgcc/bin/../lib/gcc/arm-none-eabi/7.2.1/../../../../arm-none-eabi/lib/thumb/v7e-m\libg_nano.a(lib_a-nano-svfprintf.o) (_printf_i)
f:/work and college/imt/programs/01- imt sdk/imt_sdk_win_64/imt_sdk_win_64/winarm/armgcc/bin/../lib/gcc/arm-none-eabi/7.2.1/../../../../arm-none-eabi/lib/thumb/v7e-m\libg_nano.a(lib_a-memchr.o)
                              f:/work and college/imt/programs/01- imt sdk/imt_sdk_win_64/imt_sdk_win_64/winarm/armgcc/bin/../lib/gcc/arm-none-eabi/7.2.1/../../../../arm-none-eabi/lib/thumb/v7e-m\libg_nano.a(lib_a-nano-svfprintf.o) (memchr)
f:/work and college/imt/programs/01- imt sdk/imt_sdk_win_64/imt_sdk_win_64/winarm/armgcc/bin/../lib/gcc/arm-none-eabi/7.2.1/../../../../arm-none-eabi/lib/thumb/v7e-m\libg_nano.a(lib_a-memcpy-stub.o)
                              f:/work and college/imt/programs/01- imt sdk/imt_sdk_win_64/imt_sdk_win_64/winarm/armgcc/bin/../lib/gcc/arm-none-eabi/7.2.1/../../../../arm-none-eabi/lib/thumb/v7e-m\libg_nano.a(lib_a-nano-svfprintf.o) (memcpy)
f:/work and college/imt/programs/01- imt sdk/imt_sdk_win_64/imt_sdk_win_64/winarm/armgcc/bin/../lib/gcc/arm-none-eabi/7.2.1/../../../../arm-none-eabi/lib/thumb/v7e-m\libg_nano.a(lib_a-memmove.o)
[...]
Memory Configuration

Name             Origin             Length             Attributes
RAM              0x20000000         0x00010000         xrw
CCMRAM           0x10000000         0x00000000         xrw
FLASH            0x08000000         0x00040000         xr
FLASHB1          0x00000000         0x00000000         xr
EXTMEMB0         0x00000000         0x00000000         xr
EXTMEMB1         0x00000000         0x00000000         xr
EXTMEMB2         0x00000000         0x00000000         xr
EXTMEMB3         0x00000000         0x00000000         xr
*default*        0x00000000         0xffffffff

Linker script and memory map

LOAD ./system/src/stm32f4-hal/stm32f4xx_hal.o
LOAD ./system/src/stm32f4-hal/stm32f4xx_hal_cortex.o
LOAD ./system/src/stm32f4-hal/stm32f4xx_hal_flash.o
LOAD ./system/src/stm32f4-hal/stm32f4xx_hal_flash_ex.o
LOAD ./system/src/stm32f4-hal/stm32f4xx_hal_flash_ramfunc.o
LOAD ./system/src/stm32f4-hal/stm32f4xx_hal_gpio.o
LOAD ./system/src/stm32f4-hal/stm32f4xx_hal_iwdg.o
LOAD ./system/src/stm32f4-hal/stm32f4xx_hal_pwr.o
LOAD ./system/src/stm32f4-hal/stm32f4xx_hal_rcc.o
LOAD ./system/src/newlib/assert.o
LOAD ./system/src/newlib/cxx.o
LOAD ./system/src/newlib/exit.o
LOAD ./system/src/newlib/sbrk.o
LOAD ./system/src/newlib/startup.o
LOAD ./system/src/newlib/syscalls.o
LOAD ./system/src/diag/trace-impl.o
LOAD ./system/src/diag/trace.o
LOAD ./system/src/cortexm/exception-handlers.o
LOAD ./system/src/cortexm/initialize-hardware.o
LOAD ./system/src/cortexm/reset-hardware.o
LOAD ./system/src/cmsis/system_stm32f4xx.o
LOAD ./system/src/cmsis/vectors_stm32f401xc.o
LOAD ./src/HexParser_Program.o
LOAD ./src/MFMI_Program.o
LOAD ./src/MGPIO_Program.o
LOAD ./src/MRCC_Program.o
LOAD ./src/MSTK_Program.o
LOAD ./src/MUSART_Program.o
LOAD ./src/initialize-hardware.o
LOAD ./src/main.o
LOAD ./src/stm32f4xx_hal_msp.o
LOAD ./src/write.o
LOAD f:/work and college/imt/programs/01- imt sdk/imt_sdk_win_64/imt_sdk_win_64/winarm/armgcc/bin/../lib/gcc/arm-none-eabi/7.2.1/../../../../arm-none-eabi/lib/thumb/v7e-m\libstdc++_nano.a
LOAD f:/work and college/imt/programs/01- imt sdk/imt_sdk_win_64/imt_sdk_win_64/winarm/armgcc/bin/../lib/gcc/arm-none-eabi/7.2.1/../../../../arm-none-eabi/lib/thumb/v7e-m\libm.a
START GROUP
LOAD f:/work and college/imt/programs/01- imt sdk/imt_sdk_win_64/imt_sdk_win_64/winarm/armgcc/bin/../lib/gcc/arm-none-eabi/7.2.1/thumb/v7e-m\libgcc.a
LOAD f:/work and college/imt/programs/01- imt sdk/imt_sdk_win_64/imt_sdk_win_64/winarm/armgcc/bin/../lib/gcc/arm-none-eabi/7.2.1/../../../../arm-none-eabi/lib/thumb/v7e-m\libg_nano.a
LOAD f:/work and college/imt/programs/01- imt sdk/imt_sdk_win_64/imt_sdk_win_64/winarm/armgcc/bin/../lib/gcc/arm-none-eabi/7.2.1/../../../../arm-none-eabi/lib/thumb/v7e-m\libc_nano.a
END GROUP
START GROUP
LOAD f:/work and college/imt/programs/01- imt sdk/imt_sdk_win_64/imt_sdk_win_64/winarm/armgcc/bin/../lib/gcc/arm-none-eabi/7.2.1/thumb/v7e-m\libgcc.a
LOAD f:/work and college/imt/programs/01- imt sdk/imt_sdk_win_64/imt_sdk_win_64/winarm/armgcc/bin/../lib/gcc/arm-none-eabi/7.2.1/../../../../arm-none-eabi/lib/thumb/v7e-m\libc_nano.a
END GROUP
                0x20010000                __stack = (ORIGIN (RAM) + LENGTH (RAM))
                0x20010000                _estack = __stack
                0x00000400                __Main_Stack_Size = 0x400
                [!provide]                PROVIDE (_Main_Stack_Size, __Main_Stack_Size)
                0x2000fc00                __Main_Stack_Limit = (__stack - __Main_Stack_Size)
                [!provide]                PROVIDE (_Main_Stack_Limit, __Main_Stack_Limit)
                0x00000100                _Minimum_Stack_Size = 0x100
                0x200001ac                PROVIDE (_Heap_Begin, _end_noinit)
                0x2000fc00                PROVIDE (_Heap_Limit, (__stack - __Main_Stack_Size))

.isr_vector     0x08000000      0x3f4
 FILL mask 0xff
                0x08000000                __vectors_start = ABSOLUTE (.)
                0x08000000                __vectors_start__ = ABSOLUTE (.)
 *(.isr_vector)
 .isr_vector    0x08000000      0x194 ./system/src/cmsis/vectors_stm32f401xc.o
                0x08000000                __isr_vectors
 *(.cfmconfig)
 *(.after_vectors .after_vectors.*)
 .after_vectors
                0x08000194      0x130 ./system/src/newlib/startup.o
                0x08000194                _start
 .after_vectors
                0x080002c4      0x12c ./system/src/cortexm/exception-handlers.o
                0x080002c4                Reset_Handler
                0x080002ca                NMI_Handler
                0x080002ce                HardFault_Handler
                0x080002e2                HardFault_Handler_C
                0x08000340                MemManage_Handler
                0x08000344                BusFault_Handler
                0x08000358                BusFault_Handler_C
                0x0800038c                UsageFault_Handler
                0x080003a0                UsageFault_Handler_C
                0x080003d4                SVC_Handler
                0x080003d8                DebugMon_Handler
                0x080003dc                PendSV_Handler
                0x080003e0                SysTick_Handler
 .after_vectors
                0x080003f0        0x4 ./system/src/cmsis/vectors_stm32f401xc.o
                0x080003f0                RTC_Alarm_IRQHandler
                0x080003f0                EXTI2_IRQHandler
                0x080003f0                SPI4_IRQHandler
                0x080003f0                TIM1_CC_IRQHandler
                0x080003f0                DMA2_Stream5_IRQHandler
                0x080003f0                DMA1_Stream5_IRQHandler
                0x080003f0                PVD_IRQHandler
                0x080003f0                SDIO_IRQHandler
                0x080003f0                TAMP_STAMP_IRQHandler
                0x080003f0                EXTI3_IRQHandler
                0x080003f0                TIM1_UP_TIM10_IRQHandler
                0x080003f0                I2C3_ER_IRQHandler
                0x080003f0                EXTI0_IRQHandler
                0x080003f0                I2C2_EV_IRQHandler
                0x080003f0                DMA1_Stream2_IRQHandler
                0x080003f0                FPU_IRQHandler
                0x080003f0                DMA2_Stream2_IRQHandler
                0x080003f0                SPI1_IRQHandler
                0x080003f0                TIM1_BRK_TIM9_IRQHandler
                0x080003f0                DMA2_Stream3_IRQHandler
                0x080003f0                USART6_IRQHandler
                0x080003f0                DMA2_Stream0_IRQHandler
                0x080003f0                TIM4_IRQHandler
                0x080003f0                I2C1_EV_IRQHandler
                0x080003f0                DMA1_Stream6_IRQHandler
                0x080003f0                DMA1_Stream1_IRQHandler
                0x080003f0                TIM3_IRQHandler
                0x080003f0                RCC_IRQHandler
                0x080003f0                Default_Handler
                0x080003f0                EXTI15_10_IRQHandler
                0x080003f0                ADC_IRQHandler
                0x080003f0                DMA1_Stream7_IRQHandler
                0x080003f0                TIM5_IRQHandler
                0x080003f0                DMA2_Stream7_IRQHandler
                0x080003f0                I2C3_EV_IRQHandler
                0x080003f0                EXTI9_5_IRQHandler
                0x080003f0                RTC_WKUP_IRQHandler
                0x080003f0                SPI2_IRQHandler
                0x080003f0                DMA1_Stream0_IRQHandler
                0x080003f0                EXTI4_IRQHandler
                0x080003f0                WWDG_IRQHandler
                0x080003f0                TIM2_IRQHandler
                0x080003f0                OTG_FS_WKUP_IRQHandler
                0x080003f0                TIM1_TRG_COM_TIM11_IRQHandler
                0x080003f0                EXTI1_IRQHandler
                0x080003f0                USART2_IRQHandler
                0x080003f0                I2C2_ER_IRQHandler
                0x080003f0                DMA2_Stream1_IRQHandler
                0x080003f0                FLASH_IRQHandler
                0x080003f0                DMA2_Stream4_IRQHandler
                0x080003f0                USART1_IRQHandler
                0x080003f0                OTG_FS_IRQHandler
                0x080003f0                SPI3_IRQHandler
                0x080003f0                DMA1_Stream4_IRQHandler
                0x080003f0                I2C1_ER_IRQHandler
                0x080003f0                DMA2_Stream6_IRQHandler
                0x080003f0                DMA1_Stream3_IRQHandler

.inits          0x080003f4       0x28
                0x080003f4                __data_regions_array_start = .
                0x080003f4        0x4 LONG 0x8002150 LOADADDR (.data)
                0x080003f8        0x4 LONG 0x20000000 ADDR (.data)
                0x080003fc        0x4 LONG 0x20000078 (ADDR (.data) + SIZEOF (.data))
                0x08000400        0x4 LONG 0x8002150 LOADADDR (.data_CCMRAM)
                0x08000404        0x4 LONG 0x10000000 ADDR (.data_CCMRAM)
                0x08000408        0x4 LONG 0x10000000 (ADDR (.data_CCMRAM) + SIZEOF (.data_CCMRAM))
                0x0800040c                __data_regions_array_end = .
                0x0800040c                __bss_regions_array_start = .
                0x0800040c        0x4 LONG 0x20000078 ADDR (.bss)
                0x08000410        0x4 LONG 0x200001ac (ADDR (.bss) + SIZEOF (.bss))
                0x08000414        0x4 LONG 0x10000000 ADDR (.bss_CCMRAM)
                0x08000418        0x4 LONG 0x10000000 (ADDR (.bss_CCMRAM) + SIZEOF (.bss_CCMRAM))
                0x0800041c                __bss_regions_array_end = .
 *(.init)
 *(.fini)
                0x0800041c                . = ALIGN (0x4)
                0x0800041c                PROVIDE (__preinit_array_start, .)
 *(.preinit_array_sysinit .preinit_array_sysinit.*)
 *(.preinit_array_platform .preinit_array_platform.*)
 *(.preinit_array .preinit_array.*)
                0x0800041c                PROVIDE (__preinit_array_end, .)
                0x0800041c                . = ALIGN (0x4)
                0x0800041c                PROVIDE (__init_array_start, .)
 *(SORT_BY_NAME(.init_array.*))
 *(.init_array)
                0x0800041c                PROVIDE (__init_array_end, .)
                0x0800041c                . = ALIGN (0x4)
                0x0800041c                PROVIDE (__fini_array_start, .)
 *(SORT_BY_NAME(.fini_array.*))
 *(.fini_array)
                0x0800041c                PROVIDE (__fini_array_end, .)

.flashtext
 *(.flashtext .flashtext.*)

.text           0x08000420     0x1d2f
 *(.text .text.*)
 .text._exit    0x08000420        0x2 ./system/src/newlib/exit.o
                0x08000420                _exit
 *fill*         0x08000422        0x2 
 .text._sbrk    0x08000424       0x44 ./system/src/newlib/sbrk.o
                0x08000424                _sbrk
 .text.__initialize_args
                0x08000468       0x10 ./system/src/newlib/syscalls.o
                0x08000468                __initialize_args
 .text._trace_write_semihosting_debug
                0x08000478       0x60 ./system/src/diag/trace-impl.o
 .text.trace_write
                0x080004d8        0x8 ./system/src/diag/trace-impl.o
                0x080004d8                trace_write
 .text.trace_printf
                0x080004e0       0x30 ./system/src/diag/trace.o
                0x080004e0                trace_printf
 .text.dumpExceptionStack
                0x08000510       0xf4 ./system/src/cortexm/exception-handlers.o
                0x08000510                dumpExceptionStack
 .text.isSemihosting
                0x08000604       0x20 ./system/src/cortexm/exception-handlers.o
                0x08000604                isSemihosting
 .text.__initialize_hardware_early
                0x08000624       0x18 ./system/src/cortexm/initialize-hardware.o
                0x08000624                __initialize_hardware_early
 .text.SystemInit
                0x0800063c       0x10 ./system/src/cmsis/system_stm32f4xx.o
                0x0800063c                SystemInit
 .text.HexParser_u8Ascii2Hex
                0x0800064c       0x5a ./src/HexParser_Program.o
 *fill*         0x080006a6        0x2 
 .text.HexParser_voidParseData
                0x080006a8      0x12c ./src/HexParser_Program.o
                0x080006a8                HexParser_voidParseData
 .text.MFMI_voidApplicationAreaErase
                0x080007d4       0x78 ./src/MFMI_Program.o
                0x080007d4                MFMI_voidApplicationAreaErase
 .text.MFMI_voidProgramMemory
                0x0800084c       0x74 ./src/MFMI_Program.o
                0x0800084c                MFMI_voidProgramMemory
 .text.MGPIO_voidSetPinMode
                0x080008c0       0x8c ./src/MGPIO_Program.o
                0x080008c0                MGPIO_voidSetPinMode
 .text.MGPIO_voidSetPinAltrenativeFunction
                0x0800094c       0xf8 ./src/MGPIO_Program.o
                0x0800094c                MGPIO_voidSetPinAltrenativeFunction
 .text.MRCC_voidInit
                0x08000a44       0x30 ./src/MRCC_Program.o
                0x08000a44                MRCC_voidInit
 .text.MRCC_voidEnablePeripheral
                0x08000a74       0x58 ./src/MRCC_Program.o
                0x08000a74                MRCC_voidEnablePeripheral
 *fill*         0x08000acc        0x4 
 .text.MUSART_voidInit
                0x08000ad0      0x20c ./src/MUSART_Program.o
                0x08000ad0                MUSART_voidInit
 .text.MUSART_voidTransmit
                0x08000cdc       0x80 ./src/MUSART_Program.o
                0x08000cdc                MUSART_voidTransmit
 .text.MUSART_voidReceive
                0x08000d5c       0x50 ./src/MUSART_Program.o
                0x08000d5c                MUSART_voidReceive
 .text.MUSART_EnableUSART
                0x08000dac       0x40 ./src/MUSART_Program.o
                0x08000dac                MUSART_EnableUSART
 .text.__initialize_hardware
                0x08000dec        0x2 ./src/initialize-hardware.o
                0x08000dec                __initialize_hardware
 *fill*         0x08000dee        0x2 
 .text.main     0x08000df0      0x114 ./src/main.o
                0x08000df0                main
 .text          0x08000f04      0x378 f:/work and college/imt/programs/01- imt sdk/imt_sdk_win_64/imt_sdk_win_64/winarm/armgcc/bin/../lib/gcc/arm-none-eabi/7.2.1/thumb/v7e-m\libgcc.a(_arm_addsubdf3.o)
                0x08000f04                __aeabi_drsub
                0x08000f0c                __aeabi_dsub
                0x08000f0c                __subdf3
                0x08000f10                __aeabi_dadd
                0x08000f10                __adddf3
                0x08001188                __floatunsidf
                0x08001188                __aeabi_ui2d
                0x080011a8                __floatsidf
                0x080011a8                __aeabi_i2d
                0x080011cc                __aeabi_f2d
                0x080011cc                __extendsfdf2
                0x08001210                __floatundidf
                0x08001210                __aeabi_ul2d
                0x08001220                __floatdidf
                0x08001220                __aeabi_l2d
 .text          0x0800127c      0x424 f:/work and college/imt/programs/01- imt sdk/imt_sdk_win_64/imt_sdk_win_64/winarm/armgcc/bin/../lib/gcc/arm-none-eabi/7.2.1/thumb/v7e-m\libgcc.a(_arm_muldivdf3.o)
                0x0800127c                __aeabi_dmul
                0x0800127c                __muldf3
                0x080014d0                __divdf3
                0x080014d0                __aeabi_ddiv
 .text          0x080016a0       0x40 f:/work and college/imt/programs/01- imt sdk/imt_sdk_win_64/imt_sdk_win_64/winarm/armgcc/bin/../lib/gcc/arm-none-eabi/7.2.1/thumb/v7e-m\libgcc.a(_arm_fixunsdfsi.o)
                0x080016a0                __aeabi_d2uiz
                0x080016a0                __fixunsdfsi
 .text.__errno  0x080016e0        0xc f:/work and college/imt/programs/01- imt sdk/imt_sdk_win_64/imt_sdk_win_64/winarm/armgcc/bin/../lib/gcc/arm-none-eabi/7.2.1/../../../../arm-none-eabi/lib/thumb/v7e-m\libg_nano.a(lib_a-errno.o)
                0x080016e0                __errno
 .text._vsnprintf_r
                0x080016ec       0x58 f:/work and college/imt/programs/01- imt sdk/imt_sdk_win_64/imt_sdk_win_64/winarm/armgcc/bin/../lib/gcc/arm-none-eabi/7.2.1/../../../../arm-none-eabi/lib/thumb/v7e-m\libg_nano.a(lib_a-vsnprintf.o)
                0x080016ec                _vsniprintf_r
                0x080016ec                _vsnprintf_r
 .text.vsnprintf
                0x08001744       0x1c f:/work and college/imt/programs/01- imt sdk/imt_sdk_win_64/imt_sdk_win_64/winarm/armgcc/bin/../lib/gcc/arm-none-eabi/7.2.1/../../../../arm-none-eabi/lib/thumb/v7e-m\libg_nano.a(lib_a-vsnprintf.o)
                0x08001744                vsniprintf
                0x08001744                vsnprintf
 .text.__ssputs_r
                0x08001760       0xb4 f:/work and college/imt/programs/01- imt sdk/imt_sdk_win_64/imt_sdk_win_64/winarm/armgcc/bin/../lib/gcc/arm-none-eabi/7.2.1/../../../../arm-none-eabi/lib/thumb/v7e-m\libg_nano.a(lib_a-nano-svfprintf.o)
                0x08001760                __ssputs_r
 .text._svfprintf_r
                0x08001814      0x1ec f:/work and college/imt/programs/01- imt sdk/imt_sdk_win_64/imt_sdk_win_64/winarm/armgcc/bin/../lib/gcc/arm-none-eabi/7.2.1/../../../../arm-none-eabi/lib/thumb/v7e-m\libg_nano.a(lib_a-nano-svfprintf.o)
                0x08001814                _svfiprintf_r
                0x08001814                _svfprintf_r
 .text._printf_common
                0x08001a00       0xea f:/work and college/imt/programs/01- imt sdk/imt_sdk_win_64/imt_sdk_win_64/winarm/armgcc/bin/../lib/gcc/arm-none-eabi/7.2.1/../../../../arm-none-eabi/lib/thumb/v7e-m\libg_nano.a(lib_a-nano-vfprintf_i.o)
                0x08001a00                _printf_common
 *fill*         0x08001aea        0x2 
 .text._printf_i
                0x08001aec      0x224 f:/work and college/imt/programs/01- imt sdk/imt_sdk_win_64/imt_sdk_win_64/winarm/armgcc/bin/../lib/gcc/arm-none-eabi/7.2.1/../../../../arm-none-eabi/lib/thumb/v7e-m\libg_nano.a(lib_a-nano-vfprintf_i.o)
                0x08001aec                _printf_i
 .text          0x08001d10       0xa0 f:/work and college/imt/programs/01- imt sdk/imt_sdk_win_64/imt_sdk_win_64/winarm/armgcc/bin/../lib/gcc/arm-none-eabi/7.2.1/../../../../arm-none-eabi/lib/thumb/v7e-m\libg_nano.a(lib_a-memchr.o)
                0x08001d10                memchr
 .text.memcpy   0x08001db0       0x16 f:/work and college/imt/programs/01- imt sdk/imt_sdk_win_64/imt_sdk_win_64/winarm/armgcc/bin/../lib/gcc/arm-none-eabi/7.2.1/../../../../arm-none-eabi/lib/thumb/v7e-m\libg_nano.a(lib_a-memcpy-stub.o)
                0x08001db0                memcpy
 .text.memmove  0x08001dc6       0x32 f:/work and college/imt/programs/01- imt sdk/imt_sdk_win_64/imt_sdk_win_64/winarm/armgcc/bin/../lib/gcc/arm-none-eabi/7.2.1/../../../../arm-none-eabi/lib/thumb/v7e-m\libg_nano.a(lib_a-memmove.o)
                0x08001dc6                memmove
 .text._free_r  0x08001df8       0x9c f:/work and college/imt/programs/01- imt sdk/imt_sdk_win_64/imt_sdk_win_64/winarm/armgcc/bin/../lib/gcc/arm-none-eabi/7.2.1/../../../../arm-none-eabi/lib/thumb/v7e-m\libg_nano.a(lib_a-nano-freer.o)
                0x08001df8                _free_r
 .text._malloc_r
                0x08001e94       0xb4 f:/work and college/imt/programs/01- imt sdk/imt_sdk_win_64/imt_sdk_win_64/winarm/armgcc/bin/../lib/gcc/arm-none-eabi/7.2.1/../../../../arm-none-eabi/lib/thumb/v7e-m\libg_nano.a(lib_a-nano-mallocr.o)
                0x08001e94                _malloc_r
 .text._realloc_r
                0x08001f48       0x4c f:/work and college/imt/programs/01- imt sdk/imt_sdk_win_64/imt_sdk_win_64/winarm/armgcc/bin/../lib/gcc/arm-none-eabi/7.2.1/../../../../arm-none-eabi/lib/thumb/v7e-m\libg_nano.a(lib_a-nano-reallocr.o)
                0x08001f48                _realloc_r
 .text._sbrk_r  0x08001f94       0x20 f:/work and college/imt/programs/01- imt sdk/imt_sdk_win_64/imt_sdk_win_64/winarm/armgcc/bin/../lib/gcc/arm-none-eabi/7.2.1/../../../../arm-none-eabi/lib/thumb/v7e-m\libg_nano.a(lib_a-sbrkr.o)
                0x08001f94                _sbrk_r
 .text.__malloc_lock
                0x08001fb4        0x2 f:/work and college/imt/programs/01- imt sdk/imt_sdk_win_64/imt_sdk_win_64/winarm/armgcc/bin/../lib/gcc/arm-none-eabi/7.2.1/../../../../arm-none-eabi/lib/thumb/v7e-m\libg_nano.a(lib_a-mlock.o)
                0x08001fb4                __malloc_lock
 .text.__malloc_unlock
                0x08001fb6        0x2 f:/work and college/imt/programs/01- imt sdk/imt_sdk_win_64/imt_sdk_win_64/winarm/armgcc/bin/../lib/gcc/arm-none-eabi/7.2.1/../../../../arm-none-eabi/lib/thumb/v7e-m\libg_nano.a(lib_a-mlock.o)
                0x08001fb6                __malloc_unlock
 .text._malloc_usable_size_r
                0x08001fb8       0x10 f:/work and college/imt/programs/01- imt sdk/imt_sdk_win_64/imt_sdk_win_64/winarm/armgcc/bin/../lib/gcc/arm-none-eabi/7.2.1/../../../../arm-none-eabi/lib/thumb/v7e-m\libg_nano.a(lib_a-nano-msizer.o)
                0x08001fb8                _malloc_usable_size_r
 *(.rodata .rodata.* .constdata .constdata.*)
 .rodata.dumpExceptionStack.str1.4
                0x08001fc8      0x11a ./system/src/cortexm/exception-handlers.o
 *fill*         0x080020e2        0x2 
 .rodata.str1.4
                0x080020e4       0x2a ./system/src/cortexm/exception-handlers.o
 *fill*         0x0800210e        0x2 
 .rodata.main.str1.4
                0x08002110        0xc ./src/main.o
                                  0xa (size before relaxing)
 .rodata._svfprintf_r.str1.1
                0x0800211c       0x11 f:/work and college/imt/programs/01- imt sdk/imt_sdk_win_64/imt_sdk_win_64/winarm/armgcc/bin/../lib/gcc/arm-none-eabi/7.2.1/../../../../arm-none-eabi/lib/thumb/v7e-m\libg_nano.a(lib_a-nano-svfprintf.o)
 .rodata._printf_i.str1.1
                0x0800212d       0x22 f:/work and college/imt/programs/01- imt sdk/imt_sdk_win_64/imt_sdk_win_64/winarm/armgcc/bin/../lib/gcc/arm-none-eabi/7.2.1/../../../../arm-none-eabi/lib/thumb/v7e-m\libg_nano.a(lib_a-nano-vfprintf_i.o)
 *(vtable)
 *(.eh_frame*)
 *(.glue_7)
 .glue_7        0x0800214f        0x0 linker stubs
 *(.glue_7t)
 .glue_7t       0x0800214f        0x0 linker stubs

.vfp11_veneer   0x08002150        0x0
 .vfp11_veneer  0x08002150        0x0 linker stubs

.v4_bx          0x08002150        0x0
 .v4_bx         0x08002150        0x0 linker stubs

.iplt           0x08002150        0x0
 .iplt          0x08002150        0x0 ./system/src/newlib/exit.o

.rel.dyn        0x08002150        0x0
 .rel.iplt      0x08002150        0x0 ./system/src/newlib/exit.o

.ARM.extab
 *(.ARM.extab* .gnu.linkonce.armextab.*)
                0x08002150                . = ALIGN (0x4)
                0x08002150                __exidx_start = .

.ARM.exidx
 *(.ARM.exidx* .gnu.linkonce.armexidx.*)
                0x08002150                __exidx_end = .
                0x08002150                . = ALIGN (0x4)
                0x08002150                _etext = .
                0x08002150                __etext = .

.data_CCMRAM    0x10000000        0x0 load address 0x08002150
 FILL mask 0xff
 *(.data.CCMRAM .data.CCMRAM.*)
                0x10000000                . = ALIGN (0x4)
                0x08002150                _sidata = LOADADDR (.data)

.data           0x20000000       0x78 load address 0x08002150
 FILL mask 0xff
                0x20000000                _sdata = .
                0x20000000                __data_start__ = .
 *(.data_begin .data_begin.*)
 .data_begin    0x20000000        0x4 ./system/src/newlib/startup.o
 *(.data .data.*)
 .data.argv.4310
                0x20000004        0x8 ./system/src/newlib/syscalls.o
 .data.global_u16HighAddress
                0x2000000c        0x2 ./src/HexParser_Program.o
                0x2000000c                global_u16HighAddress
 *fill*         0x2000000e        0x2 ff
 .data._impure_ptr
                0x20000010        0x4 f:/work and college/imt/programs/01- imt sdk/imt_sdk_win_64/imt_sdk_win_64/winarm/armgcc/bin/../lib/gcc/arm-none-eabi/7.2.1/../../../../arm-none-eabi/lib/thumb/v7e-m\libg_nano.a(lib_a-impure.o)
                0x20000010                _impure_ptr
 .data.impure_data
                0x20000014       0x60 f:/work and college/imt/programs/01- imt sdk/imt_sdk_win_64/imt_sdk_win_64/winarm/armgcc/bin/../lib/gcc/arm-none-eabi/7.2.1/../../../../arm-none-eabi/lib/thumb/v7e-m\libg_nano.a(lib_a-impure.o)
 *(.data_end .data_end.*)
 .data_end      0x20000074        0x4 ./system/src/newlib/startup.o
                0x20000078                . = ALIGN (0x4)
                0x20000078                _edata = .
                0x20000078                __data_end__ = .

.igot.plt       0x20000078        0x0 load address 0x080021c8
 .igot.plt      0x20000078        0x0 ./system/src/newlib/exit.o

.bss_CCMRAM     0x10000000        0x0
 *(.bss.CCMRAM .bss.CCMRAM.*)

.bss            0x20000078      0x134
                0x20000078                __bss_start__ = .
                0x20000078                _sbss = .
 *(.bss_begin .bss_begin.*)
 .bss_begin     0x20000078        0x4 ./system/src/newlib/startup.o
 *(.bss .bss.*)
 .bss.current_heap_end.3961
                0x2000007c        0x4 ./system/src/newlib/sbrk.o
 .bss.name.4309
                0x20000080        0x1 ./system/src/newlib/syscalls.o
 *fill*         0x20000081        0x3 
 .bss.buf.5205  0x20000084       0x80 ./system/src/diag/trace.o
 .bss.global_u32Address
                0x20000104        0x4 ./src/HexParser_Program.o
                0x20000104                global_u32Address
 .bss.StartApp  0x20000108        0x4 ./src/main.o
                0x20000108                StartApp
 .bss.global_EndFlag
                0x2000010c        0x1 ./src/main.o
                0x2000010c                global_EndFlag
 *fill*         0x2000010d        0x3 
 .bss.__malloc_free_list
                0x20000110        0x4 f:/work and college/imt/programs/01- imt sdk/imt_sdk_win_64/imt_sdk_win_64/winarm/armgcc/bin/../lib/gcc/arm-none-eabi/7.2.1/../../../../arm-none-eabi/lib/thumb/v7e-m\libg_nano.a(lib_a-nano-mallocr.o)
                0x20000110                __malloc_free_list
 .bss.__malloc_sbrk_start
                0x20000114        0x4 f:/work and college/imt/programs/01- imt sdk/imt_sdk_win_64/imt_sdk_win_64/winarm/armgcc/bin/../lib/gcc/arm-none-eabi/7.2.1/../../../../arm-none-eabi/lib/thumb/v7e-m\libg_nano.a(lib_a-nano-mallocr.o)
                0x20000114                __malloc_sbrk_start
 *(COMMON)
 COMMON         0x20000118        0x4 ./system/src/newlib/syscalls.o
                0x20000118                errno
 COMMON         0x2000011c       0x28 ./src/HexParser_Program.o
                0x2000011c                DataBuffer
 COMMON         0x20000144       0x64 ./src/main.o
                0x20000144                ReceivedLine
 *(.bss_end .bss_end.*)
 .bss_end       0x200001a8        0x4 ./system/src/newlib/startup.o
                0x200001ac                . = ALIGN (0x4)
                0x200001ac                __bss_end__ = .
                0x200001ac                _ebss = .

.noinit_CCMRAM
 *(.noinit.CCMRAM .noinit.CCMRAM.*)

.noinit         0x200001ac        0x0
                0x200001ac                _noinit = .
 *(.noinit .noinit.*)
                0x200001ac                . = ALIGN (0x4)
                0x200001ac                _end_noinit = .
                [!provide]                PROVIDE (end, _end_noinit)
                [!provide]                PROVIDE (_end, _end_noinit)
                [!provide]                PROVIDE (__end, _end_noinit)
                [!provide]                PROVIDE (__end__, _end_noinit)

._check_stack   0x200001ac      0x100
                0x200002ac                . = (. + _Minimum_Stack_Size)
 *fill*         0x200001ac      0x100 

.b1text
 *(.b1text)
 *(.b1rodata)
 *(.b1rodata.*)

.eb0text
 *(.eb0text)
 *(.eb0rodata)
 *(.eb0rodata.*)

.eb1text
 *(.eb1text)
 *(.eb1rodata)
 *(.eb1rodata.*)

.eb2text
 *(.eb2text)
 *(.eb2rodata)
 *(.eb2rodata.*)

.eb3text
 *(.eb3text)
 *(.eb3rodata)
 *(.eb3rodata.*)

.stab
 *(.stab)

.stabstr
 *(.stabstr)

.stab.excl
 *(.stab.excl)

.stab.exclstr
 *(.stab.exclstr)

.stab.index
 *(.stab.index)

.stab.indexstr
 *(.stab.indexstr)

.comment        0x00000000       0x7e
 *(.comment)
 .comment       0x00000000       0x7e ./system/src/newlib/exit.o
                                 0x7f (size before relaxing)
 .comment       0x0000007e       0x7f ./system/src/newlib/sbrk.o
 .comment       0x0000007e       0x7f ./system/src/newlib/startup.o
 .comment       0x0000007e       0x7f ./system/src/newlib/syscalls.o
 .comment       0x0000007e       0x7f ./system/src/diag/trace-impl.o
 .comment       0x0000007e       0x7f ./system/src/diag/trace.o
 .comment       0x0000007e       0x7f ./system/src/cortexm/exception-handlers.o
 .comment       0x0000007e       0x7f ./system/src/cortexm/initialize-hardware.o
 .comment       0x0000007e       0x7f ./system/src/cmsis/system_stm32f4xx.o
 .comment       0x0000007e       0x7f ./system/src/cmsis/vectors_stm32f401xc.o
 .comment       0x0000007e       0x7f ./src/HexParser_Program.o
 .comment       0x0000007e       0x7f ./src/MFMI_Program.o
 .comment       0x0000007e       0x7f ./src/MGPIO_Program.o
 .comment       0x0000007e       0x7f ./src/MRCC_Program.o
 .comment       0x0000007e       0x7f ./src/MUSART_Program.o
 .comment       0x0000007e       0x7f ./src/initialize-hardware.o
 .comment       0x0000007e       0x7f ./src/main.o

.ARM.attributes
                0x00000000       0x31
 .ARM.attributes
                0x00000000       0x33 ./system/src/newlib/exit.o
 .ARM.attributes
                0x00000033       0x33 ./system/src/newlib/sbrk.o
 .ARM.attributes
                0x00000066       0x33 ./system/src/newlib/startup.o
 .ARM.attributes
                0x00000099       0x33 ./system/src/newlib/syscalls.o
 .ARM.attributes
                0x000000cc       0x33 ./system/src/diag/trace-impl.o
 .ARM.attributes
                0x000000ff       0x33 ./system/src/diag/trace.o
 .ARM.attributes
                0x00000132       0x33 ./system/src/cortexm/exception-handlers.o
 .ARM.attributes
                0x00000165       0x33 ./system/src/cortexm/initialize-hardware.o
 .ARM.attributes
                0x00000198       0x33 ./system/src/cmsis/system_stm32f4xx.o
 .ARM.attributes
                0x000001cb       0x33 ./system/src/cmsis/vectors_stm32f401xc.o
 .ARM.attributes
                0x000001fe       0x33 ./src/HexParser_Program.o
 .ARM.attributes
                0x00000231       0x33 ./src/MFMI_Program.o
 .ARM.attributes
                0x00000264       0x33 ./src/MGPIO_Program.o
 .ARM.attributes
                0x00000297       0x33 ./src/MRCC_Program.o
 .ARM.attributes
                0x000002ca       0x33 ./src/MUSART_Program.o
 .ARM.attributes
                0x000002fd       0x33 ./src/initialize-hardware.o
 .ARM.attributes
                0x00000330       0x33 ./src/main.o
 .ARM.attributes
                0x00000363       0x1e f:/work and college/imt/programs/01- imt sdk/imt_sdk_win_64/imt_sdk_win_64/winarm/armgcc/bin/../lib/gcc/arm-none-eabi/7.2.1/thumb/v7e-m\libgcc.a(_arm_addsubdf3.o)
 .ARM.attributes
                0x00000381       0x1e f:/work and college/imt/programs/01- imt sdk/imt_sdk_win_64/imt_sdk_win_64/winarm/armgcc/bin/../lib/gcc/arm-none-eabi/7.2.1/thumb/v7e-m\libgcc.a(_arm_muldivdf3.o)
 .ARM.attributes
                0x0000039f       0x1e f:/work and college/imt/programs/01- imt sdk/imt_sdk_win_64/imt_sdk_win_64/winarm/armgcc/bin/../lib/gcc/arm-none-eabi/7.2.1/thumb/v7e-m\libgcc.a(_arm_fixunsdfsi.o)
 .ARM.attributes
                0x000003bd       0x2e f:/work and college/imt/programs/01- imt sdk/imt_sdk_win_64/imt_sdk_win_64/winarm/armgcc/bin/../lib/gcc/arm-none-eabi/7.2.1/../../../../arm-none-eabi/lib/thumb/v7e-m\libg_nano.a(lib_a-errno.o)
 .ARM.attributes
                0x000003eb       0x2e f:/work and college/imt/programs/01- imt sdk/imt_sdk_win_64/imt_sdk_win_64/winarm/armgcc/bin/../lib/gcc/arm-none-eabi/7.2.1/../../../../arm-none-eabi/lib/thumb/v7e-m\libg_nano.a(lib_a-impure.o)
 .ARM.attributes
                0x00000419       0x2e f:/work and college/imt/programs/01- imt sdk/imt_sdk_win_64/imt_sdk_win_64/winarm/armgcc/bin/../lib/gcc/arm-none-eabi/7.2.1/../../../../arm-none-eabi/lib/thumb/v7e-m\libg_nano.a(lib_a-vsnprintf.o)
 .ARM.attributes
                0x00000447       0x2e f:/work and college/imt/programs/01- imt sdk/imt_sdk_win_64/imt_sdk_win_64/winarm/armgcc/bin/../lib/gcc/arm-none-eabi/7.2.1/../../../../arm-none-eabi/lib/thumb/v7e-m\libg_nano.a(lib_a-nano-svfprintf.o)
 .ARM.attributes
                0x00000475       0x2e f:/work and college/imt/programs/01- imt sdk/imt_sdk_win_64/imt_sdk_win_64/winarm/armgcc/bin/../lib/gcc/arm-none-eabi/7.2.1/../../../../arm-none-eabi/lib/thumb/v7e-m\libg_nano.a(lib_a-nano-vfprintf_i.o)
 .ARM.attributes
                0x000004a3       0x1c f:/work and college/imt/programs/01- imt sdk/imt_sdk_win_64/imt_sdk_win_64/winarm/armgcc/bin/../lib/gcc/arm-none-eabi/7.2.1/../../../../arm-none-eabi/lib/thumb/v7e-m\libg_nano.a(lib_a-memchr.o)
 .ARM.attributes
                0x000004bf       0x2e f:/work and college/imt/programs/01- imt sdk/imt_sdk_win_64/imt_sdk_win_64/winarm/armgcc/bin/../lib/gcc/arm-none-eabi/7.2.1/../../../../arm-none-eabi/lib/thumb/v7e-m\libg_nano.a(lib_a-memcpy-stub.o)
 .ARM.attributes
                0x000004ed       0x2e f:/work and college/imt/programs/01- imt sdk/imt_sdk_win_64/imt_sdk_win_64/winarm/armgcc/bin/../lib/gcc/arm-none-eabi/7.2.1/../../../../arm-none-eabi/lib/thumb/v7e-m\libg_nano.a(lib_a-memmove.o)
 .ARM.attributes
                0x0000051b       0x2e f:/work and college/imt/programs/01- imt sdk/imt_sdk_win_64/imt_sdk_win_64/winarm/armgcc/bin/../lib/gcc/arm-none-eabi/7.2.1/../../../../arm-none-eabi/lib/thumb/v7e-m\libg_nano.a(lib_a-nano-freer.o)
 .ARM.attributes
                0x00000549       0x2e f:/work and college/imt/programs/01- imt sdk/imt_sdk_win_64/imt_sdk_win_64/winarm/armgcc/bin/../lib/gcc/arm-none-eabi/7.2.1/../../../../arm-none-eabi/lib/thumb/v7e-m\libg_nano.a(lib_a-nano-mallocr.o)
 .ARM.attributes
                0x00000577       0x2e f:/work and college/imt/programs/01- imt sdk/imt_sdk_win_64/imt_sdk_win_64/winarm/armgcc/bin/../lib/gcc/arm-none-eabi/7.2.1/../../../../arm-none-eabi/lib/thumb/v7e-m\libg_nano.a(lib_a-nano-reallocr.o)
 .ARM.attributes
                0x000005a5       0x2e f:/work and college/imt/programs/01- imt sdk/imt_sdk_win_64/imt_sdk_win_64/winarm/armgcc/bin/../lib/gcc/arm-none-eabi/7.2.1/../../../../arm-none-eabi/lib/thumb/v7e-m\libg_nano.a(lib_a-sbrkr.o)
 .ARM.attributes
                0x000005d3       0x2e f:/work and college/imt/programs/01- imt sdk/imt_sdk_win_64/imt_sdk_win_64/winarm/armgcc/bin/../lib/gcc/arm-none-eabi/7.2.1/../../../../arm-none-eabi/lib/thumb/v7e-m\libg_nano.a(lib_a-mlock.o)
 .ARM.attributes
                0x00000601       0x2e f:/work and college/imt/programs/01- imt sdk/imt_sdk_win_64/imt_sdk_win_64/winarm/armgcc/bin/../lib/gcc/arm-none-eabi/7.2.1/../../../../arm-none-eabi/lib/thumb/v7e-m\libg_nano.a(lib_a-nano-msizer.o)

.debug
 *(.debug)

.line
 *(.line)

.debug_srcinfo
 *(.debug_srcinfo)

.debug_sfnames
 *(.debug_sfnames)

.debug_aranges  0x00000000      0x3b0
 *(.debug_aranges)
 .debug_aranges
                0x00000000       0x28 ./system/src/newlib/exit.o
 .debug_aranges
                0x00000028       0x20 ./system/src/newlib/sbrk.o
 .debug_aranges
                0x00000048       0x40 ./system/src/newlib/startup.o
 .debug_aranges
                0x00000088       0x30 ./system/src/newlib/syscalls.o
 .debug_aranges
                0x000000b8       0x30 ./system/src/diag/trace-impl.o
 .debug_aranges
                0x000000e8       0x38 ./system/src/diag/trace.o
 .debug_aranges
                0x00000120       0x90 ./system/src/cortexm/exception-handlers.o
 .debug_aranges
                0x000001b0       0x28 ./system/src/cortexm/initialize-hardware.o
 .debug_aranges
                0x000001d8       0x28 ./system/src/cmsis/system_stm32f4xx.o
 .debug_aranges
                0x00000200       0x20 ./system/src/cmsis/vectors_stm32f401xc.o
 .debug_aranges
                0x00000220       0x28 ./src/HexParser_Program.o
 .debug_aranges
                0x00000248       0x38 ./src/MFMI_Program.o
 .debug_aranges
                0x00000280       0x58 ./src/MGPIO_Program.o
 .debug_aranges
                0x000002d8       0x48 ./src/MRCC_Program.o
 .debug_aranges
                0x00000320       0x40 ./src/MUSART_Program.o
 .debug_aranges
                0x00000360       0x30 ./src/initialize-hardware.o
 .debug_aranges
                0x00000390       0x20 ./src/main.o

.debug_pubnames
 *(.debug_pubnames)

.debug_info     0x00000000     0x65b9
 *(.debug_info .gnu.linkonce.wi.*)
 .debug_info    0x00000000      0x956 ./system/src/newlib/exit.o
 .debug_info    0x00000956      0x942 ./system/src/newlib/sbrk.o
 .debug_info    0x00001298      0x4bf ./system/src/newlib/startup.o
 .debug_info    0x00001757      0xa19 ./system/src/newlib/syscalls.o
 .debug_info    0x00002170      0x40a ./system/src/diag/trace-impl.o
 .debug_info    0x0000257a      0xb2a ./system/src/diag/trace.o
 .debug_info    0x000030a4     0x11f1 ./system/src/cortexm/exception-handlers.o
 .debug_info    0x00004295      0x353 ./system/src/cortexm/initialize-hardware.o
 .debug_info    0x000045e8      0x562 ./system/src/cmsis/system_stm32f4xx.o
 .debug_info    0x00004b4a       0xca ./system/src/cmsis/vectors_stm32f401xc.o
 .debug_info    0x00004c14      0x2a5 ./src/HexParser_Program.o
 .debug_info    0x00004eb9      0x299 ./src/MFMI_Program.o
 .debug_info    0x00005152      0x324 ./src/MGPIO_Program.o
 .debug_info    0x00005476      0x329 ./src/MRCC_Program.o
 .debug_info    0x0000579f      0x492 ./src/MUSART_Program.o
 .debug_info    0x00005c31      0x62e ./src/initialize-hardware.o
 .debug_info    0x0000625f      0x35a ./src/main.o

.debug_abbrev   0x00000000     0x1a0b
 *(.debug_abbrev)
 .debug_abbrev  0x00000000      0x1f3 ./system/src/newlib/exit.o
 .debug_abbrev  0x000001f3      0x1fc ./system/src/newlib/sbrk.o
 .debug_abbrev  0x000003ef      0x1cb ./system/src/newlib/startup.o
 .debug_abbrev  0x000005ba      0x234 ./system/src/newlib/syscalls.o
 .debug_abbrev  0x000007ee      0x1f3 ./system/src/diag/trace-impl.o
 .debug_abbrev  0x000009e1      0x276 ./system/src/diag/trace.o
 .debug_abbrev  0x00000c57      0x33c ./system/src/cortexm/exception-handlers.o
 .debug_abbrev  0x00000f93      0x104 ./system/src/cortexm/initialize-hardware.o
 .debug_abbrev  0x00001097      0x12b ./system/src/cmsis/system_stm32f4xx.o
 .debug_abbrev  0x000011c2       0x9d ./system/src/cmsis/vectors_stm32f401xc.o
 .debug_abbrev  0x0000125f      0x125 ./src/HexParser_Program.o
 .debug_abbrev  0x00001384      0x11e ./src/MFMI_Program.o
 .debug_abbrev  0x000014a2      0x103 ./src/MGPIO_Program.o
 .debug_abbrev  0x000015a5       0xb3 ./src/MRCC_Program.o
 .debug_abbrev  0x00001658      0x113 ./src/MUSART_Program.o
 .debug_abbrev  0x0000176b      0x1ae ./src/initialize-hardware.o
 .debug_abbrev  0x00001919       0xf2 ./src/main.o

.debug_line     0x00000000     0x5324
 *(.debug_line)
 .debug_line    0x00000000      0x3da ./system/src/newlib/exit.o
 .debug_line    0x000003da      0x38e ./system/src/newlib/sbrk.o
 .debug_line    0x00000768      0x456 ./system/src/newlib/startup.o
 .debug_line    0x00000bbe      0x4c7 ./system/src/newlib/syscalls.o
 .debug_line    0x00001085      0xb68 ./system/src/diag/trace-impl.o
 .debug_line    0x00001bed      0x457 ./system/src/diag/trace.o
 .debug_line    0x00002044      0xc2b ./system/src/cortexm/exception-handlers.o
 .debug_line    0x00002c6f      0x846 ./system/src/cortexm/initialize-hardware.o
 .debug_line    0x000034b5      0x847 ./system/src/cmsis/system_stm32f4xx.o
 .debug_line    0x00003cfc      0x126 ./system/src/cmsis/vectors_stm32f401xc.o
 .debug_line    0x00003e22      0x166 ./src/HexParser_Program.o
 .debug_line    0x00003f88      0x184 ./src/MFMI_Program.o
 .debug_line    0x0000410c      0x244 ./src/MGPIO_Program.o
 .debug_line    0x00004350      0x156 ./src/MRCC_Program.o
 .debug_line    0x000044a6      0x1c5 ./src/MUSART_Program.o
 .debug_line    0x0000466b      0xb13 ./src/initialize-hardware.o
 .debug_line    0x0000517e      0x1a6 ./src/main.o

.debug_frame    0x00000000      0xae8
 *(.debug_frame)
 .debug_frame   0x00000000       0x38 ./system/src/newlib/exit.o
 .debug_frame   0x00000038       0x28 ./system/src/newlib/sbrk.o
 .debug_frame   0x00000060       0x7c ./system/src/newlib/startup.o
 .debug_frame   0x000000dc       0x50 ./system/src/newlib/syscalls.o
 .debug_frame   0x0000012c       0x64 ./system/src/diag/trace-impl.o
 .debug_frame   0x00000190       0x94 ./system/src/diag/trace.o
 .debug_frame   0x00000224      0x158 ./system/src/cortexm/exception-handlers.o
 .debug_frame   0x0000037c       0x40 ./system/src/cortexm/initialize-hardware.o
 .debug_frame   0x000003bc       0x30 ./system/src/cmsis/system_stm32f4xx.o
 .debug_frame   0x000003ec       0x20 ./system/src/cmsis/vectors_stm32f401xc.o
 .debug_frame   0x0000040c       0x44 ./src/HexParser_Program.o
 .debug_frame   0x00000450       0x5c ./src/MFMI_Program.o
 .debug_frame   0x000004ac       0xe4 ./src/MGPIO_Program.o
 .debug_frame   0x00000590       0x70 ./src/MRCC_Program.o
 .debug_frame   0x00000600       0x78 ./src/MUSART_Program.o
 .debug_frame   0x00000678       0x5c ./src/initialize-hardware.o
 .debug_frame   0x000006d4       0x2c ./src/main.o
 .debug_frame   0x00000700       0xac f:/work and college/imt/programs/01- imt sdk/imt_sdk_win_64/imt_sdk_win_64/winarm/armgcc/bin/../lib/gcc/arm-none-eabi/7.2.1/thumb/v7e-m\libgcc.a(_arm_addsubdf3.o)
 .debug_frame   0x000007ac       0x50 f:/work and college/imt/programs/01- imt sdk/imt_sdk_win_64/imt_sdk_win_64/winarm/armgcc/bin/../lib/gcc/arm-none-eabi/7.2.1/thumb/v7e-m\libgcc.a(_arm_muldivdf3.o)
 .debug_frame   0x000007fc       0x24 f:/work and college/imt/programs/01- imt sdk/imt_sdk_win_64/imt_sdk_win_64/winarm/armgcc/bin/../lib/gcc/arm-none-eabi/7.2.1/thumb/v7e-m\libgcc.a(_arm_fixunsdfsi.o)
 .debug_frame   0x00000820       0x20 f:/work and college/imt/programs/01- imt sdk/imt_sdk_win_64/imt_sdk_win_64/winarm/armgcc/bin/../lib/gcc/arm-none-eabi/7.2.1/../../../../arm-none-eabi/lib/thumb/v7e-m\libg_nano.a(lib_a-errno.o)
 .debug_frame   0x00000840       0x4c f:/work and college/imt/programs/01- imt sdk/imt_sdk_win_64/imt_sdk_win_64/winarm/armgcc/bin/../lib/gcc/arm-none-eabi/7.2.1/../../../../arm-none-eabi/lib/thumb/v7e-m\libg_nano.a(lib_a-vsnprintf.o)
 .debug_frame   0x0000088c       0x90 f:/work and college/imt/programs/01- imt sdk/imt_sdk_win_64/imt_sdk_win_64/winarm/armgcc/bin/../lib/gcc/arm-none-eabi/7.2.1/../../../../arm-none-eabi/lib/thumb/v7e-m\libg_nano.a(lib_a-nano-svfprintf.o)
 .debug_frame   0x0000091c       0x60 f:/work and college/imt/programs/01- imt sdk/imt_sdk_win_64/imt_sdk_win_64/winarm/armgcc/bin/../lib/gcc/arm-none-eabi/7.2.1/../../../../arm-none-eabi/lib/thumb/v7e-m\libg_nano.a(lib_a-nano-vfprintf_i.o)
 .debug_frame   0x0000097c       0x28 f:/work and college/imt/programs/01- imt sdk/imt_sdk_win_64/imt_sdk_win_64/winarm/armgcc/bin/../lib/gcc/arm-none-eabi/7.2.1/../../../../arm-none-eabi/lib/thumb/v7e-m\libg_nano.a(lib_a-memcpy-stub.o)
 .debug_frame   0x000009a4       0x28 f:/work and college/imt/programs/01- imt sdk/imt_sdk_win_64/imt_sdk_win_64/winarm/armgcc/bin/../lib/gcc/arm-none-eabi/7.2.1/../../../../arm-none-eabi/lib/thumb/v7e-m\libg_nano.a(lib_a-memmove.o)
 .debug_frame   0x000009cc       0x38 f:/work and college/imt/programs/01- imt sdk/imt_sdk_win_64/imt_sdk_win_64/winarm/armgcc/bin/../lib/gcc/arm-none-eabi/7.2.1/../../../../arm-none-eabi/lib/thumb/v7e-m\libg_nano.a(lib_a-nano-freer.o)
 .debug_frame   0x00000a04       0x2c f:/work and college/imt/programs/01- imt sdk/imt_sdk_win_64/imt_sdk_win_64/winarm/armgcc/bin/../lib/gcc/arm-none-eabi/7.2.1/../../../../arm-none-eabi/lib/thumb/v7e-m\libg_nano.a(lib_a-nano-mallocr.o)
 .debug_frame   0x00000a30       0x3c f:/work and college/imt/programs/01- imt sdk/imt_sdk_win_64/imt_sdk_win_64/winarm/armgcc/bin/../lib/gcc/arm-none-eabi/7.2.1/../../../../arm-none-eabi/lib/thumb/v7e-m\libg_nano.a(lib_a-nano-reallocr.o)
 .debug_frame   0x00000a6c       0x2c f:/work and college/imt/programs/01- imt sdk/imt_sdk_win_64/imt_sdk_win_64/winarm/armgcc/bin/../lib/gcc/arm-none-eabi/7.2.1/../../../../arm-none-eabi/lib/thumb/v7e-m\libg_nano.a(lib_a-sbrkr.o)
 .debug_frame   0x00000a98       0x30 f:/work and college/imt/programs/01- imt sdk/imt_sdk_win_64/imt_sdk_win_64/winarm/armgcc/bin/../lib/gcc/arm-none-eabi/7.2.1/../../../../arm-none-eabi/lib/thumb/v7e-m\libg_nano.a(lib_a-mlock.o)
 .debug_frame   0x00000ac8       0x20 f:/work and college/imt/programs/01- imt sdk/imt_sdk_win_64/imt_sdk_win_64/winarm/armgcc/bin/../lib/gcc/arm-none-eabi/7.2.1/../../../../arm-none-eabi/lib/thumb/v7e-m\libg_nano.a(lib_a-nano-msizer.o)

.debug_str      0x00000000    0xa93b1
 *(.debug_str)
 .debug_str     0x00000000     0x7d20 ./system/src/newlib/exit.o
                               0x7ef3 (size before relaxing)
 .debug_str     0x00007d20      0x4f4 ./system/src/newlib/sbrk.o
                               0x72a5 (size before relaxing)
 .debug_str     0x00008214      0xc22 ./system/src/newlib/startup.o
                               0x6a46 (size before relaxing)
 .debug_str     0x00008e36      0xe8a ./system/src/newlib/syscalls.o
                               0x8180 (size before relaxing)
 .debug_str     0x00009cc0    0x9c6f6 ./system/src/diag/trace-impl.o
                              0xa3f0c (size before relaxing)
 .debug_str     0x000a63b6      0x81a ./system/src/diag/trace.o
                               0x866c (size before relaxing)
 .debug_str     0x000a6bd0      0x204 ./system/src/cortexm/exception-handlers.o
                              0xa5129 (size before relaxing)
 .debug_str     0x000a6dd4       0x5d ./system/src/cortexm/initialize-hardware.o
                              0xa0044 (size before relaxing)
 .debug_str     0x000a6e31      0x156 ./system/src/cmsis/system_stm32f4xx.o
                              0xa0118 (size before relaxing)
 .debug_str     0x000a6f87       0x59 ./system/src/cmsis/vectors_stm32f401xc.o
                               0x3884 (size before relaxing)
 .debug_str     0x000a6fe0      0x2e2 ./src/HexParser_Program.o
                               0x306c (size before relaxing)
 .debug_str     0x000a72c2      0x20c ./src/MFMI_Program.o
                               0x3138 (size before relaxing)
 .debug_str     0x000a74ce      0x715 ./src/MGPIO_Program.o
                               0x35ec (size before relaxing)
 .debug_str     0x000a7be3      0x74c ./src/MRCC_Program.o
                               0x371f (size before relaxing)
 .debug_str     0x000a832f      0xe39 ./src/MUSART_Program.o
                               0x3d67 (size before relaxing)
 .debug_str     0x000a9168      0x1a7 ./src/initialize-hardware.o
                              0xa3e73 (size before relaxing)
 .debug_str     0x000a930f       0xa2 ./src/main.o
                               0x382e (size before relaxing)

.debug_loc      0x00000000     0x1592
 *(.debug_loc)
 .debug_loc     0x00000000       0x85 ./system/src/newlib/sbrk.o
 .debug_loc     0x00000085      0x2cb ./system/src/newlib/startup.o
 .debug_loc     0x00000350       0x63 ./system/src/newlib/syscalls.o
 .debug_loc     0x000003b3      0x121 ./system/src/diag/trace-impl.o
 .debug_loc     0x000004d4       0xf6 ./system/src/diag/trace.o
 .debug_loc     0x000005ca      0x291 ./system/src/cortexm/exception-handlers.o
 .debug_loc     0x0000085b      0x13e ./system/src/cmsis/system_stm32f4xx.o
 .debug_loc     0x00000999      0x238 ./src/HexParser_Program.o
 .debug_loc     0x00000bd1       0x67 ./src/MFMI_Program.o
 .debug_loc     0x00000c38      0x57e ./src/MGPIO_Program.o
 .debug_loc     0x000011b6      0x213 ./src/MRCC_Program.o
 .debug_loc     0x000013c9      0x105 ./src/MUSART_Program.o
 .debug_loc     0x000014ce       0x58 ./src/initialize-hardware.o
 .debug_loc     0x00001526       0x6c ./src/main.o

.debug_macinfo
 *(.debug_macinfo)

.debug_weaknames
 *(.debug_weaknames)

.debug_funcnames
 *(.debug_funcnames)

.debug_typenames
 *(.debug_typenames)

.debug_varnames
 *(.debug_varnames)
OUTPUT(BootLoader.elf elf32-littlearm)

.debug_ranges   0x00000000      0x330
 .debug_ranges  0x00000000       0x18 ./system/src/newlib/exit.o
 .debug_ranges  0x00000018       0x10 ./system/src/newlib/sbrk.o
 .debug_ranges  0x00000028       0x90 ./system/src/newlib/startup.o
 .debug_ranges  0x000000b8       0x20 ./system/src/newlib/syscalls.o
 .debug_ranges  0x000000d8       0x50 ./system/src/diag/trace-impl.o
 .debug_ranges  0x00000128       0x28 ./system/src/diag/trace.o
 .debug_ranges  0x00000150       0x80 ./system/src/cortexm/exception-handlers.o
 .debug_ranges  0x000001d0       0x18 ./system/src/cortexm/initialize-hardware.o
 .debug_ranges  0x000001e8       0x18 ./system/src/cmsis/system_stm32f4xx.o
 .debug_ranges  0x00000200       0x10 ./system/src/cmsis/vectors_stm32f401xc.o
 .debug_ranges  0x00000210       0x18 ./src/HexParser_Program.o
 .debug_ranges  0x00000228       0x28 ./src/MFMI_Program.o
 .debug_ranges  0x00000250       0x48 ./src/MGPIO_Program.o
 .debug_ranges  0x00000298       0x38 ./src/MRCC_Program.o
 .debug_ranges  0x000002d0       0x30 ./src/MUSART_Program.o
 .debug_ranges  0x00000300       0x20 ./src/initialize-hardware.o
 .debug_ranges  0x00000320       0x10 ./src/main.o

.debug_macro    0x00000000     0x400a
 .debug_macro   0x00000000      0x1b4 ./system/src/newlib/exit.o
 .debug_macro   0x000001b4      0x169 ./system/src/newlib/sbrk.o
 .debug_macro   0x0000031d       0x10 ./system/src/newlib/sbrk.o
 .debug_macro   0x0000032d      0x23b ./system/src/newlib/sbrk.o
 .debug_macro   0x00000568      0x173 ./system/src/newlib/startup.o
 .debug_macro   0x000006db      0xa72 ./system/src/newlib/startup.o
 .debug_macro   0x0000114d      0x217 ./system/src/newlib/syscalls.o
 .debug_macro   0x00001364       0x1c ./system/src/newlib/syscalls.o
 .debug_macro   0x00001380       0x10 ./system/src/newlib/syscalls.o
 .debug_macro   0x00001390       0x10 ./system/src/newlib/syscalls.o
 .debug_macro   0x000013a0       0x10 ./system/src/newlib/syscalls.o
 .debug_macro   0x000013b0       0x35 ./system/src/newlib/syscalls.o
 .debug_macro   0x000013e5      0x122 ./system/src/newlib/syscalls.o
 .debug_macro   0x00001507       0x88 ./system/src/newlib/syscalls.o
 .debug_macro   0x0000158f       0x2b ./system/src/newlib/syscalls.o
 .debug_macro   0x000015ba      0x118 ./system/src/newlib/syscalls.o
 .debug_macro   0x000016d2      0x189 ./system/src/newlib/syscalls.o
 .debug_macro   0x0000185b       0x16 ./system/src/newlib/syscalls.o
 .debug_macro   0x00001871      0x4fa ./system/src/diag/trace-impl.o
 .debug_macro   0x00001d6b       0x10 ./system/src/diag/trace-impl.o
 .debug_macro   0x00001d7b      0x32a ./system/src/diag/trace-impl.o
 .debug_macro   0x000020a5       0x22 ./system/src/diag/trace-impl.o
 .debug_macro   0x000020c7      0x1fb ./system/src/diag/trace.o
 .debug_macro   0x000022c2       0x16 ./system/src/diag/trace.o
 .debug_macro   0x000022d8       0x97 ./system/src/diag/trace.o
 .debug_macro   0x0000236f       0xfd ./system/src/diag/trace.o
 .debug_macro   0x0000246c       0x10 ./system/src/diag/trace.o
 .debug_macro   0x0000247c       0x16 ./system/src/diag/trace.o
 .debug_macro   0x00002492      0x16f ./system/src/diag/trace.o
 .debug_macro   0x00002601       0x4c ./system/src/diag/trace.o
 .debug_macro   0x0000264d       0x16 ./system/src/diag/trace.o
 .debug_macro   0x00002663      0x54a ./system/src/cortexm/exception-handlers.o
 .debug_macro   0x00002bad       0x10 ./system/src/cortexm/exception-handlers.o
 .debug_macro   0x00002bbd      0x390 ./system/src/cortexm/initialize-hardware.o
 .debug_macro   0x00002f4d      0x38c ./system/src/cmsis/system_stm32f4xx.o
 .debug_macro   0x000032d9       0x34 ./system/src/cmsis/vectors_stm32f401xc.o
 .debug_macro   0x0000330d       0x4b ./src/HexParser_Program.o
 .debug_macro   0x00003358       0x2e ./src/HexParser_Program.o
 .debug_macro   0x00003386       0x10 ./src/HexParser_Program.o
 .debug_macro   0x00003396       0x40 ./src/MFMI_Program.o
 .debug_macro   0x000033d6       0x4c ./src/MFMI_Program.o
 .debug_macro   0x00003422       0x3f ./src/MGPIO_Program.o
 .debug_macro   0x00003461      0x142 ./src/MGPIO_Program.o
 .debug_macro   0x000035a3       0x6a ./src/MGPIO_Program.o
 .debug_macro   0x0000360d       0x3e ./src/MRCC_Program.o
 .debug_macro   0x0000364b      0x13c ./src/MRCC_Program.o
 .debug_macro   0x00003787       0xac ./src/MRCC_Program.o
 .debug_macro   0x00003833       0x16 ./src/MRCC_Program.o
 .debug_macro   0x00003849       0x3e ./src/MUSART_Program.o
 .debug_macro   0x00003887       0x1c ./src/MUSART_Program.o
 .debug_macro   0x000038a3       0xed ./src/MUSART_Program.o
 .debug_macro   0x00003990      0x139 ./src/MUSART_Program.o
 .debug_macro   0x00003ac9      0x4df ./src/initialize-hardware.o
 .debug_macro   0x00003fa8       0x62 ./src/main.o
